Copyright 1986-2020 Xilinx, Inc. All Rights Reserved.
------------------------------------------------------------------------------------
| Tool Version : Vivado v.2020.1 (lin64) Build 2902540 Wed May 27 19:54:35 MDT 2020
| Date         : Sun Apr 17 15:19:27 2022
| Host         : surya-Legion running 64-bit Ubuntu 20.04.4 LTS
| Command      : report_control_sets -verbose -file Top_control_sets_placed.rpt
| Design       : Top
| Device       : xc7k160t
------------------------------------------------------------------------------------

Control Set Information

Table of Contents
-----------------
1. Summary
2. Histogram
3. Flip-Flop Distribution
4. Detailed Control Set Information

1. Summary
----------

+----------------------------------------------------------+-------+
|                          Status                          | Count |
+----------------------------------------------------------+-------+
| Total control sets                                       |    59 |
|    Minimum number of control sets                        |    59 |
|    Addition due to synthesis replication                 |     0 |
|    Addition due to physical synthesis replication        |     0 |
| Unused register locations in slices containing registers |    78 |
+----------------------------------------------------------+-------+
* Control sets can be merged at opt_design using control_set_merge or merge_equivalent_drivers
** Run report_qor_suggestions for automated merging and remapping suggestions


2. Histogram
------------

+--------------------+-------+
|       Fanout       | Count |
+--------------------+-------+
| Total control sets |    59 |
| >= 0 to < 4        |     2 |
| >= 4 to < 6        |     2 |
| >= 6 to < 8        |     2 |
| >= 8 to < 10       |    24 |
| >= 10 to < 12      |     0 |
| >= 12 to < 14      |     0 |
| >= 14 to < 16      |     0 |
| >= 16              |    29 |
+--------------------+-------+
* Control sets can be remapped at either synth_design or opt_design


3. Flip-Flop Distribution
-------------------------

+--------------+-----------------------+------------------------+-----------------+--------------+
| Clock Enable | Synchronous Set/Reset | Asynchronous Set/Reset | Total Registers | Total Slices |
+--------------+-----------------------+------------------------+-----------------+--------------+
| No           | No                    | No                     |               6 |            4 |
| No           | No                    | Yes                    |               0 |            0 |
| No           | Yes                   | No                     |              35 |           22 |
| Yes          | No                    | No                     |            1408 |          479 |
| Yes          | No                    | Yes                    |               0 |            0 |
| Yes          | Yes                   | No                     |            1497 |          522 |
+--------------+-----------------------+------------------------+-----------------+--------------+


4. Detailed Control Set Information
-----------------------------------

+-------------------+-----------------------------------------------+---------------------------------+------------------+----------------+--------------+
|    Clock Signal   |                 Enable Signal                 |         Set/Reset Signal        | Slice Load Count | Bel Load Count | Bels / Slice |
+-------------------+-----------------------------------------------+---------------------------------+------------------+----------------+--------------+
|  cl/inst/clk_out1 | M/trigger$EN                                  | M/aes__dr_sb/p_0_in__0          |                1 |              1 |         1.00 |
|  cl/inst/clk_out1 | M/done_reg$EN                                 | M/aes__dr_sb/p_0_in__0          |                1 |              1 |         1.00 |
|  cl/inst/clk_out1 | M/aes__dr_rg_state$EN                         | M/aes__dr_sb/p_0_in__0          |                1 |              4 |         4.00 |
|  cl/inst/clk_out1 | M/aes__kg_rci$EN                              | M/aes__kg_rci[3]_i_1_n_0        |                1 |              4 |         4.00 |
|  cl/inst/clk_out1 |                                               |                                 |                4 |              6 |         1.50 |
|  cl/inst/clk_out1 | M/aes__dr_counter$EN                          | M/aes__dr_counter[0]            |                2 |              7 |         3.50 |
|  cl/inst/clk_out1 | M/aes__dr_col0[15]_i_1_n_0                    | M/aes__dr_sb/p_0_in__0          |                3 |              8 |         2.67 |
|  cl/inst/clk_out1 | M/aes__dr_sbox_out$EN                         | M/aes__dr_sb/p_0_in__0          |                2 |              8 |         4.00 |
|  cl/inst/clk_out1 | M/aes__dr_col3[7]_i_1_n_0                     | M/aes__dr_sb/p_0_in__0          |                3 |              8 |         2.67 |
|  cl/inst/clk_out1 | M/aes__dr_col3[23]_i_1_n_0                    | M/aes__dr_sb/p_0_in__0          |                4 |              8 |         2.00 |
|  cl/inst/clk_out1 | M/aes__dr_col2[23]_i_1_n_0                    | M/aes__dr_sb/p_0_in__0          |                2 |              8 |         4.00 |
|  cl/inst/clk_out1 | M/aes__dr_col1[7]_i_1_n_0                     | M/aes__dr_sb/p_0_in__0          |                3 |              8 |         2.67 |
|  cl/inst/clk_out1 | M/aes__dr_col1[31]_i_1_n_0                    | M/aes__dr_sb/p_0_in__0          |                5 |              8 |         1.60 |
|  cl/inst/clk_out1 | M/aes__dr_col2[31]_i_1_n_0                    | M/aes__dr_sb/p_0_in__0          |                3 |              8 |         2.67 |
|  cl/inst/clk_out1 | M/aes__kg_sbox_out$EN                         | M/aes__dr_sb/p_0_in__0          |                2 |              8 |         4.00 |
|  cl/inst/clk_out1 | M/aes__kg_last_col_sub_rot[7]                 | M/aes__dr_sb/p_0_in__0          |                3 |              8 |         2.67 |
|  cl/inst/clk_out1 | M/aes__kg_last_col_sub_rot[15]                | M/aes__dr_sb/p_0_in__0          |                1 |              8 |         8.00 |
|  cl/inst/clk_out1 | M/aes__kg_last_col_sub_rot[23]                | M/aes__dr_sb/p_0_in__0          |                2 |              8 |         4.00 |
|  cl/inst/clk_out1 | M/aes__kg_last_col_sub_rot[31]                | M/aes__dr_sb/p_0_in__0          |                2 |              8 |         4.00 |
|  cl/inst/clk_out1 | M/aes__kg_rg_state[0]                         | M/aes__dr_sb/p_0_in__0          |                1 |              8 |         8.00 |
|  cl/inst/clk_out1 | M/aes__dr_col3[31]_i_1_n_0                    | M/aes__dr_sb/p_0_in__0          |                2 |              8 |         4.00 |
|  cl/inst/clk_out1 | M/aes__dr_col3[15]_i_1_n_0                    | M/aes__dr_sb/p_0_in__0          |                3 |              8 |         2.67 |
|  cl/inst/clk_out1 | M/aes__dr_i_sbox_out$EN                       | M/aes__dr_sb/p_0_in__0          |                2 |              8 |         4.00 |
|  cl/inst/clk_out1 | M/aes__dr_col2[7]_i_1_n_0                     | M/aes__dr_sb/p_0_in__0          |                2 |              8 |         4.00 |
|  cl/inst/clk_out1 | M/aes__dr_col1[23]_i_1_n_0                    | M/aes__dr_sb/p_0_in__0          |                3 |              8 |         2.67 |
|  cl/inst/clk_out1 | M/aes__dr_col1[15]_i_1_n_0                    | M/aes__dr_sb/p_0_in__0          |                3 |              8 |         2.67 |
|  cl/inst/clk_out1 | M/aes__dr_col2[15]_i_1_n_0                    | M/aes__dr_sb/p_0_in__0          |                3 |              8 |         2.67 |
|  cl/inst/clk_out1 | M/aes__dr_col0[7]_i_1_n_0                     | M/aes__dr_sb/p_0_in__0          |                3 |              8 |         2.67 |
|  cl/inst/clk_out1 | M/aes__dr_col0[31]_i_1_n_0                    | M/aes__dr_sb/p_0_in__0          |                3 |              8 |         2.67 |
|  cl/inst/clk_out1 | M/aes__dr_col0[23]_i_1_n_0                    | M/aes__dr_sb/p_0_in__0          |                4 |              8 |         2.00 |
|  cl/inst/clk_out1 | M/aes__kg_sbox_out$D_IN2                      | M/aes__dr_sb/p_0_in__0          |               11 |             24 |         2.18 |
|  cl/inst/clk_out1 | M/aes__col0$EN                                | M/aes__col1[31]_i_1_n_0         |               11 |             26 |         2.36 |
|  cl/inst/clk_out1 | M/delayer$EN                                  | M/delayer[31]                   |                9 |             31 |         3.44 |
|  cl/inst/clk_out1 | M/MUX_delayer$write_1__SEL_2                  | M/counter[0]_i_1_n_0            |                8 |             32 |         4.00 |
|  cl/inst/clk_out1 |                                               | M/aes__dr_sb/p_0_in__0          |               22 |             35 |         1.59 |
|  cl/inst/clk_out1 | M/aes__col0$EN                                | M/aes__col0[29]_i_1_n_0         |               14 |             35 |         2.50 |
|  cl/inst/clk_out1 | M/aes__dr_isb/lfsr_1_r$EN                     | M/aes__dr_sb/p_0_in__0          |               10 |             60 |         6.00 |
|  cl/inst/clk_out1 | M/aes__kg_sbox_threshold/lfsr_1_r[15]_i_1_n_0 | M/aes__dr_sb/p_0_in__0          |               12 |             60 |         5.00 |
|  cl/inst/clk_out1 | M/aes__dr_sb/lfsr_1_r$EN                      | M/aes__dr_sb/p_0_in__0          |                8 |             60 |         7.50 |
|  cl/inst/clk_out1 | M/aes__kg_prev_key0$EN                        | M/aes__kg_prev_key3[30]_i_1_n_0 |               19 |             63 |         3.32 |
|  cl/inst/clk_out1 | M/aes__col0[31]_i_1_n_0                       | M/aes__dr_sb/p_0_in__0          |               21 |             67 |         3.19 |
|  cl/inst/clk_out1 | M/aes__kg_prev_key3[31]_i_1_n_0               | M/aes__dr_sb/p_0_in__0          |               18 |             68 |         3.78 |
|  cl/inst/clk_out1 | M/aes__dr_col0mix$EN                          | M/aes__dr_sb/p_0_in__0          |               61 |            120 |         1.97 |
|  cl/inst/clk_out1 | M/input_text$EN                               | M/input_text[127]_i_1_n_0       |               32 |            128 |         4.00 |
|  cl/inst/clk_out1 | M/aes__kg_save_key1_2$EN                      |                                 |               35 |            128 |         3.66 |
|  cl/inst/clk_out1 | M/aes__kg_save_key1_9$EN                      |                                 |               69 |            128 |         1.86 |
|  cl/inst/clk_out1 | M/aes__kg_save_key1_8$EN                      |                                 |               43 |            128 |         2.98 |
|  cl/inst/clk_out1 | M/aes__kg_save_key1_7$EN                      |                                 |               42 |            128 |         3.05 |
|  cl/inst/clk_out1 | M/aes__kg_save_key1_6$EN                      |                                 |               42 |            128 |         3.05 |
|  cl/inst/clk_out1 | M/aes__kg_save_key1_5$EN                      |                                 |               48 |            128 |         2.67 |
|  cl/inst/clk_out1 | M/aes__kg_save_key1_4$EN                      |                                 |               38 |            128 |         3.37 |
|  cl/inst/clk_out1 | M/aes__kg_save_key1_3$EN                      |                                 |               40 |            128 |         3.20 |
|  cl/inst/clk_out1 | M/aes__kg_save_key1_10$EN                     |                                 |               39 |            128 |         3.28 |
|  cl/inst/clk_out1 | M/aes__kg_save_key1_1$EN                      |                                 |               40 |            128 |         3.20 |
|  cl/inst/clk_out1 | M/aes__kg_save_key1_0$EN                      |                                 |               43 |            128 |         2.98 |
|  cl/inst/clk_out1 | M/MUX_aes__dr_rg_state$write_1__SEL_6         | M/aes__dr_sb/p_0_in__0          |               62 |            128 |         2.06 |
|  cl/inst/clk_out1 | M/aes__key$EN                                 | M/aes__dr_sb/p_0_in__0          |               79 |            128 |         1.62 |
|  cl/inst/clk_out1 | M/aes__rg_state$EN3                           | M/aes__dr_sb/p_0_in__0          |               30 |            129 |         4.30 |
|  cl/inst/clk_out1 | M/aes__dr_col_0$EN                            | M/aes__dr_sb/p_0_in__0          |               47 |            129 |         2.74 |
+-------------------+-----------------------------------------------+---------------------------------+------------------+----------------+--------------+


