#-----------------------------------------------------------
# Vivado v2020.1 (64-bit)
# SW Build 2902540 on Wed May 27 19:54:35 MDT 2020
# IP Build 2902112 on Wed May 27 22:43:36 MDT 2020
# Start of session at: Sat Apr  9 17:33:56 2022
# Process ID: 171207
# Current directory: /home/surya/Desktop/sem_5/Diff-power-analysis/Side-Channel-Analysis/Emulation-based-TVLA/AES-with-wrapper/Threshold_AES/threshold_fpga/threshold_fpga.runs/impl_1
# Command line: vivado -log Top.vdi -applog -product Vivado -messageDb vivado.pb -mode batch -source Top.tcl -notrace
# Log file: /home/surya/Desktop/sem_5/Diff-power-analysis/Side-Channel-Analysis/Emulation-based-TVLA/AES-with-wrapper/Threshold_AES/threshold_fpga/threshold_fpga.runs/impl_1/Top.vdi
# Journal file: /home/surya/Desktop/sem_5/Diff-power-analysis/Side-Channel-Analysis/Emulation-based-TVLA/AES-with-wrapper/Threshold_AES/threshold_fpga/threshold_fpga.runs/impl_1/vivado.jou
#-----------------------------------------------------------
source Top.tcl -notrace
